// Jest Snapshot v1, https://goo.gl/fbAQLP

exports[`Test of GifItem snapshot is correct 1`] = `
<div>
  <div
    class="card"
  >
    <img
      alt="Test Title"
      src="http://test.url/"
    />
    <p>
      Test Title
    </p>
  </div>
</div>
`;
